[    0.000000] Linux version 4.15.0-212-generic (buildd@lcy02-amd64-083) (gcc version 7.5.0 (Ubuntu 7.5.0-3ubuntu1~18.04)) #223-Ubuntu SMP Tue May 23 13:09:22 UTC 2023 (Ubuntu 4.15.0-212.223-generic 4.15.18)
[    0.000000] Command line: BOOT_IMAGE=/boot/vmlinuz-4.15.0-212-generic root=LABEL=cloudimg-rootfs ro console=tty1 console=ttyS0
[    0.000000] KERNEL supported cpus:
[    0.000000]   Intel GenuineIntel
[    0.000000]   AMD AuthenticAMD
[    0.000000]   Centaur CentaurHauls
[    0.000000] x86/fpu: x87 FPU will use FXSAVE
[    0.000000] e820: BIOS-provided physical RAM map:
[    0.000000] BIOS-e820: [mem 0x0000000000000000-0x000000000009fbff] usable
[    0.000000] BIOS-e820: [mem 0x000000000009fc00-0x000000000009ffff] reserved
[    0.000000] BIOS-e820: [mem 0x00000000000f0000-0x00000000000fffff] reserved
[    0.000000] BIOS-e820: [mem 0x0000000000100000-0x000000000ffeffff] usable
[    0.000000] BIOS-e820: [mem 0x000000000fff0000-0x000000000fffffff] ACPI data
[    0.000000] BIOS-e820: [mem 0x00000000fec00000-0x00000000fec00fff] reserved
[    0.000000] BIOS-e820: [mem 0x00000000fee00000-0x00000000fee00fff] reserved
[    0.000000] BIOS-e820: [mem 0x00000000fffc0000-0x00000000ffffffff] reserved
[    0.000000] NX (Execute Disable) protection: active
[    0.000000] SMBIOS 2.5 present.
[    0.000000] DMI: innotek GmbH VirtualBox/VirtualBox, BIOS VirtualBox 12/01/2006
[    0.000000] Hypervisor detected: KVM
[    0.000000] e820: last_pfn = 0xfff0 max_arch_pfn = 0x400000000
[    0.000000] MTRR: Disabled
[    0.000000] x86/PAT: MTRRs disabled, skipping PAT initialization too.
[    0.000000] CPU MTRRs all blank - virtualized system.
[    0.000000] x86/PAT: Configuration [0-7]: WB  WT  UC- UC  WB  WT  UC- UC  
[    0.000000] found SMP MP-table at [mem 0x0009fff0-0x0009ffff]
[    0.000000] Scanning 1 areas for low memory corruption
[    0.000000] RAMDISK: [mem 0x0db01000-0x0ee12fff]
[    0.000000] ACPI: Early table checksum verification disabled
[    0.000000] ACPI: RSDP 0x00000000000E0000 000024 (v02 VBOX  )
[    0.000000] ACPI: XSDT 0x000000000FFF0030 00003C (v01 VBOX   VBOXXSDT 00000001 ASL  00000061)
[    0.000000] ACPI: FACP 0x000000000FFF00F0 0000F4 (v04 VBOX   VBOXFACP 00000001 ASL  00000061)
[    0.000000] ACPI: DSDT 0x000000000FFF0610 002353 (v02 VBOX   VBOXBIOS 00000002 INTL 20100528)
[    0.000000] ACPI: FACS 0x000000000FFF0200 000040
[    0.000000] ACPI: FACS 0x000000000FFF0200 000040
[    0.000000] ACPI: APIC 0x000000000FFF0240 000054 (v02 VBOX   VBOXAPIC 00000001 ASL  00000061)
[    0.000000] ACPI: SSDT 0x000000000FFF02A0 00036C (v01 VBOX   VBOXCPUT 00000002 INTL 20100528)
[    0.000000] ACPI: Reserving FACP table memory at [mem 0xfff00f0-0xfff01e3]
[    0.000000] ACPI: Reserving DSDT table memory at [mem 0xfff0610-0xfff2962]
[    0.000000] ACPI: Reserving FACS table memory at [mem 0xfff0200-0xfff023f]
[    0.000000] ACPI: Reserving FACS table memory at [mem 0xfff0200-0xfff023f]
[    0.000000] ACPI: Reserving APIC table memory at [mem 0xfff0240-0xfff0293]
[    0.000000] ACPI: Reserving SSDT table memory at [mem 0xfff02a0-0xfff060b]
[    0.000000] No NUMA configuration found
[    0.000000] Faking a node at [mem 0x0000000000000000-0x000000000ffeffff]
[    0.000000] NODE_DATA(0) allocated [mem 0x0ffc5000-0x0ffeffff]
[    0.000000] kvm-clock: cpu 0, msr 0:ff44001, primary cpu clock
[    0.000000] kvm-clock: Using msrs 4b564d01 and 4b564d00
[    0.000000] kvm-clock: using sched offset of 5851539001 cycles
[    0.000000] clocksource: kvm-clock: mask: 0xffffffffffffffff max_cycles: 0x1cd42e4dffb, max_idle_ns: 881590591483 ns
[    0.000000] Zone ranges:
[    0.000000]   DMA      [mem 0x0000000000001000-0x0000000000ffffff]
[    0.000000]   DMA32    [mem 0x0000000001000000-0x000000000ffeffff]
[    0.000000]   Normal   empty
[    0.000000]   Device   empty
[    0.000000] Movable zone start for each node
[    0.000000] Early memory node ranges
[    0.000000]   node   0: [mem 0x0000000000001000-0x000000000009efff]
[    0.000000]   node   0: [mem 0x0000000000100000-0x000000000ffeffff]
[    0.000000] Reserved but unavailable: 104 pages
[    0.000000] Initmem setup node 0 [mem 0x0000000000001000-0x000000000ffeffff]
[    0.000000] ACPI: PM-Timer IO Port: 0x4008
[    0.000000] IOAPIC[0]: apic_id 1, version 32, address 0xfec00000, GSI 0-23
[    0.000000] ACPI: INT_SRC_OVR (bus 0 bus_irq 0 global_irq 2 dfl dfl)
[    0.000000] ACPI: INT_SRC_OVR (bus 0 bus_irq 9 global_irq 9 low level)
[    0.000000] Using ACPI (MADT) for SMP configuration information
[    0.000000] smpboot: Allowing 1 CPUs, 0 hotplug CPUs
[    0.000000] PM: Registered nosave memory: [mem 0x00000000-0x00000fff]
[    0.000000] PM: Registered nosave memory: [mem 0x0009f000-0x0009ffff]
[    0.000000] PM: Registered nosave memory: [mem 0x000a0000-0x000effff]
[    0.000000] PM: Registered nosave memory: [mem 0x000f0000-0x000fffff]
[    0.000000] e820: [mem 0x10000000-0xfebfffff] available for PCI devices
[    0.000000] Booting paravirtualized kernel on KVM
[    0.000000] clocksource: refined-jiffies: mask: 0xffffffff max_cycles: 0xffffffff, max_idle_ns: 7645519600211568 ns
[    0.000000] setup_percpu: NR_CPUS:8192 nr_cpumask_bits:1 nr_cpu_ids:1 nr_node_ids:1
[    0.000000] percpu: Embedded 50 pages/cpu s167936 r8192 d28672 u2097152
[    0.000000] PV qspinlock hash table entries: 256 (order: 0, 4096 bytes)
[    0.000000] Built 1 zonelists, mobility grouping on.  Total pages: 64377
[    0.000000] Policy zone: DMA32
[    0.000000] Kernel command line: BOOT_IMAGE=/boot/vmlinuz-4.15.0-212-generic root=LABEL=cloudimg-rootfs ro console=tty1 console=ttyS0
[    0.000000] Memory: 208700K/261688K available (12300K kernel code, 2477K rwdata, 4324K rodata, 2480K init, 2720K bss, 52988K reserved, 0K cma-reserved)
[    0.000000] SLUB: HWalign=64, Order=0-3, MinObjects=0, CPUs=1, Nodes=1
[    0.000000] Kernel/User page tables isolation: enabled
[    0.000000] ftrace: allocating 39508 entries in 155 pages
[    0.004000] Hierarchical RCU implementation.
[    0.004000] 	RCU restricting CPUs from NR_CPUS=8192 to nr_cpu_ids=1.
[    0.004000] 	Tasks RCU enabled.
[    0.004000] RCU: Adjusting geometry for rcu_fanout_leaf=16, nr_cpu_ids=1
[    0.004000] NR_IRQS: 524544, nr_irqs: 256, preallocated irqs: 16
[    0.004000] random: crng init done
[    0.004000] Console: colour VGA+ 80x25
[    0.004000] console [tty1] enabled
[    0.004000] console [ttyS0] enabled
[    0.004000] ACPI: Core revision 20170831
[    0.004000] ACPI: 2 ACPI AML tables successfully acquired and loaded
[    0.004000] APIC: Switch to symmetric I/O mode setup
[    0.008000] ..TIMER: vector=0x30 apic1=0 pin1=2 apic2=-1 pin2=-1
[    0.008012] tsc: Detected 2111.998 MHz processor
[    0.012021] Calibrating delay loop (skipped) preset value.. 4223.99 BogoMIPS (lpj=8447992)
[    0.016008] pid_max: default: 32768 minimum: 301
[    0.020065] Security Framework initialized
[    0.024007] Yama: becoming mindful.
[    0.028042] AppArmor: AppArmor initialized
[    0.032107] Dentry cache hash table entries: 32768 (order: 6, 262144 bytes)
[    0.036039] Inode-cache hash table entries: 16384 (order: 5, 131072 bytes)
[    0.040026] Mount-cache hash table entries: 512 (order: 0, 4096 bytes)
[    0.044012] Mountpoint-cache hash table entries: 512 (order: 0, 4096 bytes)
[    0.053643] Last level iTLB entries: 4KB 64, 2MB 8, 4MB 8
[    0.056010] Last level dTLB entries: 4KB 64, 2MB 0, 4MB 0, 1GB 4
[    0.060009] Spectre V1 : Mitigation: usercopy/swapgs barriers and __user pointer sanitization
[    0.064007] Spectre V2 : Mitigation: Retpolines
[    0.068005] Spectre V2 : Spectre v2 / SpectreRSB mitigation: Filling RSB on context switch
[    0.072005] Spectre V2 : Spectre v2 / SpectreRSB : Filling RSB on VMEXIT
[    0.076005] RETBleed: WARNING: Spectre v2 mitigation leaves CPU vulnerable to RETBleed attacks, data leaks possible!
[    0.080006] RETBleed: Vulnerable
[    0.084006] Speculative Store Bypass: Vulnerable
[    0.088211] MDS: Mitigation: Clear CPU buffers
[    0.092006] MMIO Stale Data: Mitigation: Clear CPU buffers
[    0.096008] SRBDS: Unknown: Dependent on hypervisor status
[    0.115453] Freeing SMP alternatives memory: 36K
[    0.236005] APIC calibration not consistent with PM-Timer: 102ms instead of 100ms
[    0.240000] APIC delta adjusted to PM-Timer: 6315092 (6500371)
[    0.240469] smpboot: CPU0: Intel(R) Core(TM) i7-8650U CPU @ 1.90GHz (family: 0x6, model: 0x8e, stepping: 0xa)
[    0.244071] Performance Events: unsupported p6 CPU model 142 no PMU driver, software events only.
[    0.248070] Hierarchical SRCU implementation.
[    0.252472] NMI watchdog: Perf event create on CPU 0 failed with -2
[    0.256006] NMI watchdog: Perf NMI watchdog permanently disabled
[    0.260087] smp: Bringing up secondary CPUs ...
[    0.264190] smp: Brought up 1 node, 1 CPU
[    0.272009] smpboot: Max logical packages: 1
[    0.276008] smpboot: Total of 1 processors activated (4223.99 BogoMIPS)
[    0.280190] devtmpfs: initialized
[    0.284139] x86/mm: Memory block size: 128MB
[    0.288190] evm: security.selinux
[    0.292011] evm: security.SMACK64
[    0.296007] evm: security.SMACK64EXEC
[    0.300006] evm: security.SMACK64TRANSMUTE
[    0.304006] evm: security.SMACK64MMAP
[    0.308006] evm: security.apparmor
[    0.312007] evm: security.ima
[    0.316006] evm: security.capability
[    0.320197] clocksource: jiffies: mask: 0xffffffff max_cycles: 0xffffffff, max_idle_ns: 7645041785100000 ns
[    0.324021] futex hash table entries: 256 (order: 2, 16384 bytes)
[    0.328084] pinctrl core: initialized pinctrl subsystem
[    0.333027] RTC time:  7:28:23, date: 08/07/24
[    0.336278] NET: Registered protocol family 16
[    0.340130] audit: initializing netlink subsys (disabled)
[    0.344232] cpuidle: using governor ladder
[    0.348012] audit: type=2000 audit(1723015708.893:1): state=initialized audit_enabled=0 res=1
[    0.352015] cpuidle: using governor menu
[    0.356131] ACPI: bus type PCI registered
[    0.360008] acpiphp: ACPI Hot Plug PCI Controller Driver version: 0.5
[    0.364813] PCI: Using configuration type 1 for base access
[    0.370337] HugeTLB registered 2.00 MiB page size, pre-allocated 0 pages
[    0.372295] ACPI: Added _OSI(Module Device)
[    0.376013] ACPI: Added _OSI(Processor Device)
[    0.380008] ACPI: Added _OSI(3.0 _SCP Extensions)
[    0.384011] ACPI: Added _OSI(Processor Aggregator Device)
[    0.388025] ACPI: Added _OSI(Linux-Dell-Video)
[    0.392031] ACPI: Added _OSI(Linux-Lenovo-NV-HDMI-Audio)
[    0.400015] ACPI: Added _OSI(Linux-HPI-Hybrid-Graphics)
[    0.409679] ACPI: Executed 1 blocks of module-level executable AML code
[    0.424438] ACPI: Interpreter enabled
[    0.428029] ACPI: (supports S0 S5)
[    0.432007] ACPI: Using IOAPIC for interrupt routing
[    0.437039] PCI: Using host bridge windows from ACPI; if necessary, use "pci=nocrs" and report a bug
[    0.440652] ACPI: Enabled 2 GPEs in block 00 to 07
[    0.473333] ACPI: PCI Root Bridge [PCI0] (domain 0000 [bus 00-ff])
[    0.476016] acpi PNP0A03:00: _OSC: OS supports [ASPM ClockPM Segments MSI]
[    0.485430] acpi PNP0A03:00: _OSC: not requesting OS control; OS requires [ExtendedConfig ASPM ClockPM MSI]
[    0.488031] acpi PNP0A03:00: fail to add MMCONFIG information, can't access extended PCI configuration space under this bridge.
[    0.496234] PCI host bridge to bus 0000:00
[    0.500011] pci_bus 0000:00: root bus resource [io  0x0000-0x0cf7 window]
[    0.504013] pci_bus 0000:00: root bus resource [io  0x0d00-0xffff window]
[    0.508012] pci_bus 0000:00: root bus resource [mem 0x000a0000-0x000bffff window]
[    0.512016] pci_bus 0000:00: root bus resource [mem 0x10000000-0xfdffffff window]
[    0.520023] pci_bus 0000:00: root bus resource [bus 00-ff]
[    0.546529] pci 0000:00:01.1: legacy IDE quirk: reg 0x10: [io  0x01f0-0x01f7]
[    0.548008] pci 0000:00:01.1: legacy IDE quirk: reg 0x14: [io  0x03f6]
[    0.552008] pci 0000:00:01.1: legacy IDE quirk: reg 0x18: [io  0x0170-0x0177]
[    0.556008] pci 0000:00:01.1: legacy IDE quirk: reg 0x1c: [io  0x0376]
[    0.625130] pci 0000:00:07.0: quirk: [io  0x4000-0x403f] claimed by PIIX4 ACPI
[    0.628075] pci 0000:00:07.0: quirk: [io  0x4100-0x410f] claimed by PIIX4 SMB
[    0.642148] ACPI: PCI Interrupt Link [LNKA] (IRQs 5 9 10 *11)
[    0.648452] ACPI: PCI Interrupt Link [LNKB] (IRQs 5 9 *10 11)
[    0.652245] ACPI: PCI Interrupt Link [LNKC] (IRQs 5 *9 10 11)
[    0.656238] ACPI: PCI Interrupt Link [LNKD] (IRQs 5 9 10 *11)
[    0.660642] SCSI subsystem initialized
[    0.664132] pci 0000:00:02.0: vgaarb: setting as boot VGA device
[    0.668000] pci 0000:00:02.0: vgaarb: VGA device added: decodes=io+mem,owns=io+mem,locks=none
[    0.668008] pci 0000:00:02.0: vgaarb: bridge control possible
[    0.672007] vgaarb: loaded
[    0.676743] ACPI: bus type USB registered
[    0.680049] usbcore: registered new interface driver usbfs
[    0.684026] usbcore: registered new interface driver hub
[    0.692035] usbcore: registered new device driver usb
[    0.696119] EDAC MC: Ver: 3.0.0
[    0.705937] PCI: Using ACPI for IRQ routing
[    0.713109] NetLabel: Initializing
[    0.716006] NetLabel:  domain hash size = 128
[    0.720006] NetLabel:  protocols = UNLABELED CIPSOv4 CALIPSO
[    0.724047] NetLabel:  unlabeled traffic allowed by default
[    0.728265] clocksource: Switched to clocksource kvm-clock
[    0.835382] VFS: Disk quotas dquot_6.6.0
[    0.848293] VFS: Dquot-cache hash table entries: 512 (order 0, 4096 bytes)
[    0.869092] AppArmor: AppArmor Filesystem Enabled
[    0.883389] pnp: PnP ACPI init
[    0.898012] pnp: PnP ACPI: found 3 devices
[    0.921720] clocksource: acpi_pm: mask: 0xffffff max_cycles: 0xffffff, max_idle_ns: 2085701024 ns
[    0.947593] NET: Registered protocol family 2
[    0.961735] IP idents hash table entries: 4096 (order: 3, 32768 bytes)
[    0.982270] TCP established hash table entries: 2048 (order: 2, 16384 bytes)
[    1.002110] TCP bind hash table entries: 2048 (order: 3, 32768 bytes)
[    1.021608] TCP: Hash tables configured (established 2048 bind 2048)
[    1.041654] UDP hash table entries: 256 (order: 1, 8192 bytes)
[    1.059377] UDP-Lite hash table entries: 256 (order: 1, 8192 bytes)
[    1.077069] NET: Registered protocol family 1
[    1.090517] pci 0000:00:00.0: Limiting direct PCI/PCI transfers
[    1.108014] pci 0000:00:01.0: Activating ISA DMA hang workarounds
[    1.126178] pci 0000:00:02.0: Video device with shadowed ROM at [mem 0x000c0000-0x000dffff]
[    1.152494] Unpacking initramfs...
[    2.656030] Freeing initrd memory: 19528K
[    2.666441] clocksource: tsc: mask: 0xffffffffffffffff max_cycles: 0x1e71768ef8b, max_idle_ns: 440795218977 ns
[    2.677273] platform rtc_cmos: registered platform RTC device (no PNP device found)
[    2.685615] Scanning for low memory corruption every 60 seconds
[    2.692592] Initialise system trusted keyrings
[    2.697425] Key type blacklist registered
[    2.703294] workingset: timestamp_bits=36 max_order=16 bucket_order=0
[    2.717833] zbud: loaded
[    2.732860] squashfs: version 4.0 (2009/01/31) Phillip Lougher
[    2.751533] fuse init (API version 7.26)
[    2.770358] Key type asymmetric registered
[    2.783236] Asymmetric key parser 'x509' registered
[    2.798981] Block layer SCSI generic (bsg) driver version 0.4 loaded (major 246)
[    2.820906] io scheduler noop registered
[    2.833388] io scheduler deadline registered
[    2.846181] io scheduler cfq registered (default)
[    2.861969] ACPI: AC Adapter [AC] (off-line)
[    2.874874] input: Power Button as /devices/LNXSYSTM:00/LNXPWRBN:00/input/input0
[    2.897353] ACPI: Power Button [PWRF]
[    2.908825] input: Sleep Button as /devices/LNXSYSTM:00/LNXSLPBN:00/input/input1
[    2.928353] ACPI: Sleep Button [SLPF]
[    2.944988] Serial: 8250/16550 driver, 32 ports, IRQ sharing enabled
[    2.964587] ACPI: Battery Slot [BAT0] (battery present)
[    3.045516] 00:02: ttyS0 at I/O 0x3f8 (irq = 4, base_baud = 115200) is a 16550A
[    3.069558] Linux agpgart interface v0.103
[    3.091327] loop: module loaded
[    3.112598] scsi host0: ata_piix
[    3.123691] scsi host1: ata_piix
[    3.134249] ata1: PATA max UDMA/33 cmd 0x1f0 ctl 0x3f6 bmdma 0xd000 irq 14
[    3.154443] ata2: PATA max UDMA/33 cmd 0x170 ctl 0x376 bmdma 0xd008 irq 15
[    3.184087] tun: Universal TUN/TAP device driver, 1.6
[    3.200982] PPP generic driver version 2.4.2
[    3.215157] ehci_hcd: USB 2.0 'Enhanced' Host Controller (EHCI) Driver
[    3.234336] ehci-pci: EHCI PCI platform driver
[    3.247014] ehci-platform: EHCI generic platform driver
[    3.254571] ohci_hcd: USB 1.1 'Open' Host Controller (OHCI) Driver
[    3.265921] ohci-pci: OHCI PCI platform driver
[    3.278776] ohci-platform: OHCI generic platform driver
[    3.294249] uhci_hcd: USB Universal Host Controller Interface driver
[    3.312791] i8042: PNP: PS/2 Controller [PNP0303:PS2K,PNP0f03:PS2M] at 0x60,0x64 irq 1,12
[    3.463113] serio: i8042 KBD port at 0x60,0x64 irq 1
[    3.478004] serio: i8042 AUX port at 0x60,0x64 irq 12
[    3.492808] mousedev: PS/2 mouse device common for all mice
[    3.513564] input: AT Translated Set 2 keyboard as /devices/platform/i8042/serio0/input/input2
[    3.536105] rtc_cmos rtc_cmos: rtc core: registered rtc_cmos as rtc0
[    3.558303] rtc_cmos rtc_cmos: alarms up to one day, 114 bytes nvram
[    3.573113] i2c /dev entries driver
[    3.584387] device-mapper: uevent: version 1.0.3
[    3.596036] device-mapper: ioctl: 4.37.0-ioctl (2017-09-20) initialised: dm-devel@redhat.com
[    3.610578] ledtrig-cpu: registered to indicate activity on CPUs
[    3.622299] NET: Registered protocol family 10
[    3.648415] Segment Routing with IPv6
[    3.661362] NET: Registered protocol family 17
[    3.677624] Key type dns_resolver registered
[    3.691965] mce: Using 0 MCE banks
[    3.703205] RAS: Correctable Errors collector initialized.
[    3.715330] sched_clock: Marking stable (3715145304, 0)->(6164827010, -2449681706)
[    3.734282] registered taskstats version 1
[    3.740666] Loading compiled-in X.509 certificates
[    3.749852] Loaded X.509 cert 'Build time autogenerated kernel key: b5b26778eaa3ab3a4a6cee031137706e947d12ad'
[    3.760293] Loaded X.509 cert 'Canonical Ltd. Live Patch Signing: 14df34d1a87cf37625abec039ef2bf521249b969'
[    3.771385] Loaded X.509 cert 'Canonical Ltd. Kernel Module Signing: 88f752e560a1e0737e31163a466ad7b70a850c19'
[    3.786351] blacklist: Loading compiled-in revocation X.509 certificates
[    3.804278] Loaded X.509 cert 'Canonical Ltd. Secure Boot Signing: 61482aa2830d0ab2ad5af10b7250da9033ddcef0'
[    3.833101] Loaded X.509 cert 'Canonical Ltd. Secure Boot Signing (2017): 242ade75ac4a15e50d50c84b0d45ff3eae707a03'
[    3.856174] Loaded X.509 cert 'Canonical Ltd. Secure Boot Signing (ESM 2018): 365188c1d374d6b07c3c8f240f8ef722433d6a8b'
[    3.880685] Loaded X.509 cert 'Canonical Ltd. Secure Boot Signing (2019): c0746fd6c5da3ae827864651ad66ae47fe24b3e8'
[    3.918113] Loaded X.509 cert 'Canonical Ltd. Secure Boot Signing (2021 v1): a8d54bbb3825cfb94fa13c9f8a594a195c107b8d'
[    3.947603] Loaded X.509 cert 'Canonical Ltd. Secure Boot Signing (2021 v2): 4cf046892d6fd3c9a5b03f98d845f90851dc6a8c'
[    3.969415] Loaded X.509 cert 'Canonical Ltd. Secure Boot Signing (2021 v3): 100437bb6de6e469b581e61cd66bce3ef4ed53af'
[    3.999784] Loaded X.509 cert 'Canonical Ltd. Secure Boot Signing (Ubuntu Core 2019): c1d57b8f6b743f23ee41f4f7ee292f06eecadfb9'
[    4.025936] zswap: loaded using pool lzo/zbud
[    4.051800] Key type big_key registered
[    4.064132] Key type trusted registered
[    4.081865] Key type encrypted registered
[    4.094523] AppArmor: AppArmor sha1 policy hashing enabled
[    4.107922] ima: No TPM chip found, activating TPM-bypass! (rc=-19)
[    4.124189] ima: Allocated hash algorithm: sha1
[    4.139382] evm: HMAC attrs: 0x1
[    4.150235]   Magic number: 4:205:470
[    4.162332] rtc_cmos rtc_cmos: setting system clock to 2024-08-07 07:28:27 UTC (1723015707)
[    4.186809] BIOS EDD facility v0.16 2004-Jun-25, 0 devices found
[    4.205116] EDD information not available.
[    4.226506] Freeing unused kernel image memory: 2480K
[    4.249133] Write protecting the kernel read-only data: 20480k
[    4.267807] Freeing unused kernel image memory: 2008K
[    4.280797] Freeing unused kernel image memory: 1820K
[    4.310306] x86/mm: Checked W+X mappings: passed, no W+X pages found.
[    4.329665] x86/mm: Checking user space page tables
[    4.358860] x86/mm: Checked W+X mappings: passed, no W+X pages found.
Loading, please wait...
starting version 237
[    4.705184] e1000: Intel(R) PRO/1000 Network Driver - version 7.3.21-k8-NAPI
[    4.720336] e1000: Copyright (c) 1999-2006 Intel Corporation.
[    4.742141] Fusion MPT base driver 3.04.20
[    4.754138] Copyright (c) 1999-2008 LSI Corporation
[    4.858117] SSE version of gcm_enc/dec engaged.
[    4.914503] Fusion MPT SPI Host driver 3.04.20
[    5.167789] input: ImExPS/2 Generic Explorer Mouse as /devices/platform/i8042/serio1/input/input4
[    6.377411] e1000 0000:00:03.0 eth0: (PCI:33MHz:32-bit) 02:3b:7b:b7:3b:2d
[    6.392716] e1000 0000:00:03.0 eth0: Intel(R) PRO/1000 Network Connection
[    6.414878] e1000 0000:00:03.0 enp0s3: renamed from eth0
[    6.431699] mptbase: ioc0: Initiating bringup
[    6.576770] ioc0: LSI53C1030 A0: Capabilities={Initiator}
[    6.898902] scsi host2: ioc0: LSI53C1030 A0, FwRev=00000000h, Ports=1, MaxQ=256, IRQ=20
[    7.093743] scsi 2:0:0:0: Direct-Access     VBOX     HARDDISK         1.0  PQ: 0 ANSI: 5
[    7.104131] scsi target2:0:0: Beginning Domain Validation
[    7.115128] scsi target2:0:0: Domain Validation skipping write tests
[    7.123015] scsi target2:0:0: Ending Domain Validation
[    7.130808] scsi target2:0:0: asynchronous
[    7.138116] scsi 2:0:1:0: Direct-Access     VBOX     HARDDISK         1.0  PQ: 0 ANSI: 5
[    7.147005] scsi target2:0:1: Beginning Domain Validation
[    7.158776] scsi target2:0:1: Domain Validation skipping write tests
[    7.165324] scsi target2:0:1: Ending Domain Validation
[    7.171216] scsi target2:0:1: asynchronous
[    7.201753] sd 2:0:0:0: [sda] 83886080 512-byte logical blocks: (42.9 GB/40.0 GiB)
[    7.224506] sd 2:0:0:0: Attached scsi generic sg0 type 0
[    7.241320] sd 2:0:1:0: Attached scsi generic sg1 type 0
[    7.258797] sd 2:0:0:0: [sda] Write Protect is off
[    7.275652] sd 2:0:1:0: [sdb] 20480 512-byte logical blocks: (10.5 MB/10.0 MiB)
[    7.298134] sd 2:0:1:0: [sdb] Write Protect is off
[    7.313216] sd 2:0:0:0: [sda] Incomplete mode parameter data
[    7.330236] sd 2:0:0:0: [sda] Assuming drive cache: write through
[    7.350191] sd 2:0:1:0: [sdb] Incomplete mode parameter data
[    7.366060] sd 2:0:1:0: [sdb] Assuming drive cache: write through
[    7.401770]  sda: sda1
[    7.418053] sd 2:0:1:0: [sdb] Attached SCSI disk
[    7.433471] sd 2:0:0:0: [sda] Attached SCSI disk
Begin: Loading essential drivers ... [   11.372300] raid6: sse2x1   gen()  7068 MB/s
[   11.456218] raid6: sse2x1   xor()  3578 MB/s
[   11.528395] raid6: sse2x2   gen()  6159 MB/s
[   11.592386] raid6: sse2x2   xor()  3232 MB/s
[   11.652416] raid6: sse2x4   gen()  4416 MB/s
[   11.716520] raid6: sse2x4   xor()  3743 MB/s
[   11.729673] raid6: using algorithm sse2x1 gen() 7068 MB/s
[   11.746773] raid6: .... xor() 3578 MB/s, rmw enabled
[   11.762011] raid6: using ssse3x2 recovery algorithm
[   11.780707] xor: measuring software checksum speed
[   11.892421]    prefetch64-sse: 17465.000 MB/sec
[   12.008361]    generic_sse: 14878.000 MB/sec
[   12.019878] xor: using function: prefetch64-sse (17465.000 MB/sec)
[   12.042405] async_tx: api initialized (async)
done.
Begin: Running /scripts/init-premount ... done.
Begin: Mounting root file system ... Begin: Running /scripts/local-top ... done.
Begin: Running /scripts/local-premount ... [   12.228033] Btrfs loaded, crc32c=crc32c-intel
Scanning for Btrfs filesystems
done.
Warning: fsck not present, so skipping root file system
[   12.396052] EXT4-fs (sda1): mounted filesystem with ordered data mode. Opts: (null)
done.
Begin: Running /scripts/local-bottom ... done.
Begin: Running /scripts/init-bottom ... done.
[   12.918728] ip_tables: (C) 2000-2006 Netfilter Core Team
[   12.976792] systemd[1]: systemd 237 running in system mode. (+PAM +AUDIT +SELINUX +IMA +APPARMOR +SMACK +SYSVINIT +UTMP +LIBCRYPTSETUP +GCRYPT +GNUTLS +ACL +XZ +LZ4 +SECCOMP +BLKID +ELFUTILS +KMOD -IDN2 +IDN -PCRE2 default-hierarchy=hybrid)
[   13.021485] systemd[1]: Detected virtualization oracle.
[   13.038140] systemd[1]: Detected architecture x86-64.

Welcome to [1mUbuntu 18.04.6 LTS[0m!

[   13.070171] systemd[1]: Set hostname to <ubuntu>.
[   13.099448] systemd[1]: Initializing machine ID from random generator.
[   13.118915] systemd[1]: Installed transient /etc/machine-id file.
[   13.874877] systemd[1]: Set up automount Arbitrary Executable File Formats File System Automount Point.
[[0;32m  OK  [0m] Set up automount Arbitrary Executabâ€¦rmats File System Automount Point.
[   13.917406] systemd[1]: Reached target Mounting snaps.
[[0;32m  OK  [0m] Reached target Mounting snaps.
[   13.950089] systemd[1]: Started Forward Password Requests to Wall Directory Watch.
[[0;32m  OK  [0m] Started Forward Password Requests to Wall Directory Watch.
[   13.990669] systemd[1]: Created slice User and Session Slice.
[[0;32m  OK  [0m] Created slice User and Session Slice.
[[0;32m  OK  [0m] Created slice System Slice.
[[0;32m  OK  [0m] Listening on Journal Audit Socket.
[[0;32m  OK  [0m] Reached target System Time Synchronized.
[[0;32m  OK  [0m] Listening on udev Control Socket.
[[0;32m  OK  [0m] Reached target Swap.
[[0;32m  OK  [0m] Listening on Journal Socket (/dev/log).
[[0;32m  OK  [0m] Listening on Device-mapper event daemon FIFOs.
[[0;32m  OK  [0m] Listening on LVM2 poll daemon socket.
[[0;32m  OK  [0m] Listening on /dev/initctl Compatibility Named Pipe.
[[0;32m  OK  [0m] Listening on Syslog Socket.
[[0;32m  OK  [0m] Listening on Journal Socket.
         Starting Journal Service...
         Starting Load Kernel Modules...
         Mounting Huge Pages File System...
         Starting Set the console keyboard layout...
         Starting Uncomplicated firewall...[   14.293259] Loading iSCSI transport class v2.0-870.

[[0;32m  OK  [0m] Listening on LVM2 metadata daemon socket.
         Starting Monitoring of LVM2 mirrorsâ€¦ng dmeventd or progress polling...
[[0;32m  OK  [0m] Created slice system-serial\x2dgetty.slice.
         Mounting POSIX Message Queue File System...
[[0;32m  OK  [0m] Listening on udev Kernel Socket.
         Starting Create list of required stâ€¦ce nodes for the current kernel...
[[0;32m  OK  [0m] Listening on Network Service Netlink Socket.
[[0;32m  OK  [0m] [   14.530528] iscsi: registered transport (tcp)
Reached target Mounted snaps.
[[0;32m  OK  [0m] Reached target User and Group Name Lookups.
[[0;32m  OK  [0m] Listening on fsck to fsckd communication Socket.
         Starting File System Check on Root Device...
         Mounting Kernel Debug File System...
[[0;32m  OK  [0m] Reached target Slices.
         Starting udev Coldplug all Devices...
[[0;32m  OK  [0m] Started Journal Service.
[[0;32m  OK  [0m] Mounted Huge Pages File System.
[[0;32m  OK  [0m] Started Uncomplicated firewall.
[[0;32m  OK  [0m] Mounted POSIX Message Queue File System.
[[0;32m  OK  [0m] Started Create list of required staâ€¦vice nodes for the current kernel.[   14.781415] iscsi: registered transport (iser)

[[0;32m  OK  [0m] Mounted Kernel Debug File System.
[[0;32m  OK  [0m] Started LVM2 metadata daemon.
[[0;32m  OK  [0m] Started File System Check Daemon to report status.
         Starting Create Static Device Nodes in /dev...
[[0;32m  OK  [0m] Started File System Check on Root Device.
         Starting Remount Root and Kernel File Systems...
[[0;32m  OK  [0m] Started Load Kernel Modules.
         Mounting FUSE Control File System...
         Mounting Kernel Configuration File System...
         Starting Apply Kernel Variables...
[[0;32m  OK  [0m] Mounted Kernel Configuration File System.
[[0;32m  OK  [0m] Mounted FUSE Control File System.
[[0;32m  OK  [0m] Started Create Static Device Nodes in /dev.
[[0;32m  OK  [0m] Started Apply Kernel Variables.
[[0;32m  OK  [0m] Started Monitoring of LVM2 mirrors,â€¦sing dmeventd or progress polling.
[[0;32m  OK  [0m] Started Remount Root and Kernel File Systems.
         Starting Flush Journal to Persistent Storage...
         Starting Load/Save Random Seed...
         Starting udev Kernel Device Manager...
[[0;32m  OK  [0m] Started Load/Save Random Seed.
[[0;32m  OK  [0m] Started Flush Journal to Persistent Storage.
[[0;32m  OK  [0m] Started udev Coldplug all Devices.
[[0;32m  OK  [0m] Started udev Kernel Device Manager.
[[0;32m  OK  [0m] Found device /dev/ttyS0.
[[0;32m  OK  [0m] Listening on Load/Save RF Kill Switch Status /dev/rfkill Watch.
[[0;32m  OK  [0m] Started Set the console keyboard layout.
[[0;32m  OK  [0m] Reached target Local File Systems (Pre).
[[0;32m  OK  [0m] Reached target Local File Systems.
         Starting Tell Plymouth To Write Out Runtime Data...
         Starting ebtables ruleset management...
         Starting AppArmor initialization...
         Starting Commit a transient machine-id on disk...
         Starting Set console font and keymap...
         Starting Create Volatile Files and Directories...
[[0;32m  OK  [0m] Started Dispatch Password Requests to Console Directory Watch.
[[0;32m  OK  [0m] Reached target Local Encrypted Volumes.
[[0;32m  OK  [0m] Started Tell Plymouth To Write Out Runtime Data.
[[0;32m  OK  [0m] Started Commit a transient machine-id on disk.
         Mounting Arbitrary Executable File Formats File System...
[[0;32m  OK  [0m] Mounted Arbitrary Executable File Formats File System.
[[0;32m  OK  [0m] Started Create Volatile Files and Directories.
         Starting Update UTMP about System Boot/Shutdown...
[[0;32m  OK  [0m] Started Update UTMP about System Boot/Shutdown.
[[0;32m  OK  [0m] Started ebtables ruleset management.
[[0;32m  OK  [0m] Started AppArmor initialization.
         Starting Initial cloud-init job (pre-networking)...
         Starting Load AppArmor profiles managed internally by snapd...
[[0;32m  OK  [0m] Started Load AppArmor profiles managed internally by snapd.
[[0;32m  OK  [0m] Started Set console font and keymap.
[   28.626698] cloud-init[758]: Cloud-init v. 23.1.2-0ubuntu0~18.04.1 running 'init-local' at Wed, 07 Aug 2024 07:28:50 +0000. Up 27.47 seconds.
[[0;32m  OK  [0m] Started Initial cloud-init job (pre-networking).
[[0;32m  OK  [0m] Reached target Network (Pre).
         Starting Network Service...
[[0;32m  OK  [0m] Started Network Service.
         Starting Wait for Network to be Configured...
         Starting Network Name Resolution...
[[0;32m  OK  [0m] Started Network Name Resolution.
[[0;32m  OK  [0m] Reached target Host and Network Name Lookups.
[[0;32m  OK  [0m] Reached target Network.
[[0;32m  OK  [0m] Started Wait for Network to be Configured.
         Starting Initial cloud-init job (metadata service crawler)...
[   32.233101] cloud-init[907]: Cloud-init v. 23.1.2-0ubuntu0~18.04.1 running 'init' at Wed, 07 Aug 2024 07:28:55 +0000. Up 31.94 seconds.
[   32.267571] cloud-init[907]: ci-info: ++++++++++++++++++++++++++++++++++++++Net device info++++++++++++++++++++++++++++++++++++++
[   32.311144] cloud-init[907]: ci-info: +--------+------+----------------------------+---------------+--------+-------------------+
[   32.347717] cloud-init[907]: ci-info: | Device |  Up  |          Address           |      Mask     | Scope  |     Hw-Address    |
[   32.386330] cloud-init[907]: ci-info: +--------+------+----------------------------+---------------+--------+-------------------+
[   32.425082] cloud-init[907]: ci-info: | enp0s3 | True |         10.0.2.15          | 255.255.255.0 | global | 02:3b:7b:b7:3b:2d |
[   32.469335] cloud-init[907]: ci-info: | enp0s3 | True | fe80::3b:7bff:feb7:3b2d/64 |       .       |  link  | 02:3b:7b:b7:3b:2d |
[   32.509096] cloud-init[907]: ci-info: |   lo   | True |         127.0.0.1          |   255.0.0.0   |  host  |         .         |
[   32.537240] cloud-init[907]: ci-info: |   lo   | True |          ::1/128           |       .       |  host  |         .         |
[   32.563913] cloud-init[907]: ci-info: +--------+------+----------------------------+---------------+--------+-------------------+
[   32.599685] cloud-init[907]: ci-info: ++++++++++++++++++++++++++++Route IPv4 info+++++++++++++++++++++++++++++
[   32.628645] cloud-init[907]: ci-info: +-------+-------------+----------+-----------------+-----------+-------+
[   32.657384] cloud-init[907]: ci-info: | Route | Destination | Gateway  |     Genmask     | Interface | Flags |
[   32.678671] cloud-init[907]: ci-info: +-------+-------------+----------+-----------------+-----------+-------+
[   32.701677] cloud-init[907]: ci-info: |   0   |   0.0.0.0   | 10.0.2.2 |     0.0.0.0     |   enp0s3  |   UG  |
[   32.727407] cloud-init[907]: ci-info: |   1   |   10.0.2.0  | 0.0.0.0  |  255.255.255.0  |   enp0s3  |   U   |
[   32.756671] cloud-init[907]: ci-info: |   2   |   10.0.2.2  | 0.0.0.0  | 255.255.255.255 |   enp0s3  |   UH  |
[   32.784881] cloud-init[907]: ci-info: +-------+-------------+----------+-----------------+-----------+-------+
[   32.811704] cloud-init[907]: ci-info: +++++++++++++++++++Route IPv6 info+++++++++++++++++++
[   32.844902] cloud-init[907]: ci-info: +-------+-------------+---------+-----------+-------+
[   32.871143] cloud-init[907]: ci-info: | Route | Destination | Gateway | Interface | Flags |
[   32.904733] cloud-init[907]: ci-info: +-------+-------------+---------+-----------+-------+
[   32.932626] cloud-init[907]: ci-info: |   1   |  fe80::/64  |    ::   |   enp0s3  |   U   |
[   32.959153] cloud-init[907]: ci-info: |   3   |    local    |    ::   |   enp0s3  |   U   |
[   32.978276] cloud-init[907]: ci-info: |   4   |   ff00::/8  |    ::   |   enp0s3  |   U   |
[   33.017688] cloud-init[907]: ci-info: +-------+-------------+---------+-----------+-------+
[   35.119122] cloud-init[907]: Generating public/private rsa key pair.
[   35.149381] cloud-init[907]: Your identification has been saved in /etc/ssh/ssh_host_rsa_key.
[   35.181184] cloud-init[907]: Your public key has been saved in /etc/ssh/ssh_host_rsa_key.pub.
[   35.201773] cloud-init[907]: The key fingerprint is:
[   35.218556] cloud-init[907]: SHA256:kmjpVtiawBWsKAGvIl3qh/E7OUWXgXL/fDY27nDVMQo root@ubuntu-bionic
[   35.225980] cloud-init[907]: The key's randomart image is:
[   35.242840] cloud-init[907]: +---[RSA 2048]----+
[   35.259571] cloud-init[907]: |o  ..  .         |
[   35.282720] [cloud-init[907]: [0;32m  OK  [0m] |..  o.o .        |Started Initial cloud-init job (metadata service crawler).
[   35.323360] 
[[0;32m  OK  [0m] Reached target System Initialization.cloud-init[907]: 
         Starting Socket activation for snappy daemon.| o..oo . o E   o |

[   35.383927] [[0;32m  OK  [0m] Started Message of the Day.cloud-init
[[0;32m  OK  [0m[907]: ] Listening on cloud-init hotplug hook socket.|o+.+ =..+   . ..o|

[   35.432153] cloud-init[907]: |= * =.=.So   .. .|         
Starting LXD - unix socket.
[[0;32m  OK  [0m[   35.473644] ] Listening on Open-iSCSI iscsid Socket.cloud-init[907]: 
|o. B +..  o *.   |[[0;32m  OK  [0m] Started Ubuntu Advantage Timer for running repeated jobs.
[   35.514972] 
[cloud-init[0;32m  OK  [0m] [907]: Started Daily apt download activities.|  o Bo    .=.o   |
[
[   35.559777] [0;32m  OK  [0m] cloud-init[907]: Started Daily apt upgrade and clean activities.|   o+.     o.    |
[   35.582885] 
[[0;32m  OK  [0mcloud-init[907]: ] Started Daily Cleanup of Temporary Directories.|    .o     ..    |
[   35.607902] 
cloud-init[907]: [[0;32m  OK  [0m] +----[SHA256]-----+Started ACPI Events Check.
[   35.635200] 
[cloud-init[907]: [0;32m  OK  [0mGenerating public/private dsa key pair.] Reached target Paths.

[[0;32m  OK  [0m[   35.671031] ] cloud-init[907]: Listening on UUID daemon activation socket.Your identification has been saved in /etc/ssh/ssh_host_dsa_key.
[[0;32m  OK  [0m
] Listening on ACPID Listen Socket.[   35.706516] cloud-init[907]: 
[Your public key has been saved in /etc/ssh/ssh_host_dsa_key.pub.[0;32m  OK  [0m] Started Discard unused blocks once a week.
[   35.736098] cloud-init
[[0;32m  OK  [0m[907]: The key fingerprint is:
] Reached target Timers.[   35.759592] cloud-init[907]: 
[SHA256:QjEWtMeg2dlE1u95zDjVoFJcTKZ8vqw3Lhe7oZ3vP8c root@ubuntu-bionic[0;32m  OK  [0m] Listening on D-Bus System Message Bus Socket.
[   35.789415] cloud-init
[[0;32m  OK  [0m[907]: The key's randomart image is:] Reached target Cloud-config availability.
[   35.827076] 
cloud-init[907]: [[0;32m  OK  [0m+---[DSA 1024]----+] Reached target Network is Online.
[   35.852766] cloud-init
[907]: |     .Bo+. . ++  |
[[0;32m  OK  [0m[   35.873102] cloud-init] Reached target Remote File Systems (Pre).[907]: |     = @  ..ooo  |

[[0;32m  OK  [0m] [   35.901500] cloud-initReached target Remote File Systems.[907]: |    o = +  oo..o |

         Starting Availability of block devices...[   35.927220] cloud-init[907]: |     . .  . oo. .|
[[0;32m  OK  [0m] Listening on Socket activation for snappy daemon.

[[0;32m  OK  [0m[   35.973858] ] Listening on LXD - unix socket.cloud-init
[907]: |      . S  o *.  |[[0;32m  OK  [0m] Started Availability of block devices.
[   36.015306] 
[[0;32m  OK  [0m] cloud-initReached target Sockets.[907]: 
[[0;32m  OK  [0m|       .    =.=. |] Reached target Basic System.

[   36.068141] [[0;32m  OK  [0mcloud-init[907]: ] Started Regular background program processing daemon.
|             o++ |[[0;32m  OK  [0m] Started FUSE filesystem for LXC.

         Starting LSB: Record successful boot for GRUB...
[   36.166018]          Starting LXD - container startup/shutdown...cloud-init
[907]: |            .+=+E|         Starting Dispatcher daemon for systemd-networkd...

         Starting Accounts Service...
[   36.267724] cloud-init[907]: |            o===B|
[[0;32m  OK  [0m] Started irqbalance daemon.
         Starting Pollinate to seed the pseudo random number generator...[   36.352711] 
cloud-init[[0;32m  OK  [0m[907]: ] Started D-Bus System Message Bus.+----[SHA256]-----+

[   36.435135] cloud-init[907]: Generating public/private ecdsa key pair.
[   36.539244] cloud-init[907]: Your identification has been saved in /etc/ssh/ssh_host_ecdsa_key.
[   36.596886] cloud-init[907]: Your public key has been saved in /etc/ssh/ssh_host_ecdsa_key.pub.
[   36.670233] cloud-init[907]: [[0;32m  OK  [0m] Started Deferred execution scheduler.
The key fingerprint is:         Starting LSB: automatic crash report generation...
[[0;32m  OK  [0m] Reached target Login Prompts (Pre).
         Starting System Logging Service...
[   36.827594] 
         Starting Virtualbox guest utils...
         Starting Login Service...
         cloud-initStarting Permit User Sessions...
[907]: SHA256:yaYlgwgpVkT6z90djN5mJqtybVBGQgtiXYcniCb0EfE root@ubuntu-bionic         Starting Snap Daemon...

[[0;32m  OK  [0m] Started System Logging Service.
[   37.110377]          Starting Authorization Manager...
[[0;32m  OK  [0mcloud-init] Started Permit User Sessions.
         Starting Hold until boot process finishes up...
         [907]: The key's randomart image is:Starting Terminate Plymouth Boot Screen...
[[0;32m  OK  [0m] Started Terminate Plymouth Boot Screen.

[[0;32m  OK  [0m] Started Hold until boot process finishes up.
[   37.372493] [[0;32m  OK  [0m] Started Serial Getty on ttyS0.
cloud-init         Starting Set console scheme...
[[0;32m  OK  [0m[907]: ] Started Login Service.
+---[ECDSA 256]---+
[[   37.436869] [0;32m  OK  [0m] Started Unattended Upgrades Shutdown.
cloud-init[907]: |..oX=.+o..       |
[[0;32m  OK  [0m] Started LXD - container startup/shutdown.[   37.611119] cloud-init
[[0;32m  OK  [0m] [907]: | o=o+o.+oo       |Started LSB: automatic crash report generation.

[   37.644088] [[0;32m  OK  [0m] Started Set console scheme.
[[0;32m  OK  [0m] Created slice system-getty.slice.
[[0;32m  OK  [0m] Started Getty on tty1.
[[0;32m  OK  [0m] cloud-initReached target Login Prompts.
[[0;32m  OK  [0m] Started LSB: Record successful boot for GRUB.
[907]: |+oo. E .=        |
[   37.730343] cloud-init[907]: |o... . . +o      |
[   37.752160] cloud-init[907]: |  ... o S. o     |
[   37.765654] cloud-init[907]: |    o .Bo o .    |
[   37.780440] cloud-init[[0;32m  OK  [0m] Started Authorization Manager.[907]: 
[[0;32m  OK  [0m] Started Accounts Service.
|     o..o+ *     |
[   37.817827] cloud-init[907]: |     . . o*      |
[   37.841115] cloud-init[907]: |      o.o.       |
[   37.857082] cloud-init[907]: +----[SHA256]-----+
[   37.881318] cloud-init[907]: Generating public/private ed25519 key pair.
[   37.903564] cloud-init[907]: Your identification has been saved in /etc/ssh/ssh_host_ed25519_key.
[   37.928394] cloud-init[907]: Your public key has been saved in /etc/ssh/ssh_host_ed25519_key.pub.
[   37.947897] cloud-init[907]: The key fingerprint is:
[   37.970657] cloud-init[907]: SHA256:MeUSxeWw/wxf4kyXRScso3qwVKxiz9h3AydiIdw/jps root@ubuntu-bionic
[   37.999550] cloud-init[907]: The key's randomart image is:
[   38.020193] cloud-init[907]: +--[ED25519 256]--+
[   38.054276] cloud-init[907]: |     . ..++.... o|
[   38.070543] cloud-init[907]: |      o o+++o .o.|
[   38.084272] cloud-init[907]: |       .+=o..o  .|
[   38.099077] cloud-init[907]: |      o *+*..   o|
[   38.117308] cloud-init[907]: |     . OSB =o o.o|
[   38.144525] cloud-init[907]: |      . B + oO + |
[   38.161751] cloud-init[907]: |         = . .*  |
[   38.175195] cloud-init[907]: |        E        |
[   38.204244] cloud-init[907]: |                 |[[0;32m  OK  [0m] Started Virtualbox guest utils.

[   38.237309] cloud-init[907]: +----[SHA256]-----+
[[0;32m  OK  [0m] Started Dispatcher daemon for systemd-networkd.
[[0;32m  OK  [0m] Started Snap Daemon.
         Starting Wait until snapd is fully seeded...
[[0;32m  OK  [0m] Started Pollinate to seed the pseudo random number generator.
         Starting OpenBSD Secure Shell server...
[[0;32m  OK  [0m] Started OpenBSD Secure Shell server.
[[0;32m  OK  [0m] Created slice User Slice of vagrant.
         Starting User Manager for UID 1000...
[[0;32m  OK  [0m] Started Session 1 of user vagrant.
[[0;32m  OK  [0m] Started User Manager for UID 1000.
         Starting Time & Date Service...
[[0;32m  OK  [0m] Started Time & Date Service.


Ubuntu 18.04.6 LTS ubuntu-bionic ttyS0

ubuntu-bionic login: 

[   55.202515] cloud-init[1542]: Cloud-init v. 23.1.2-0ubuntu0~18.04.1 running 'modules:config' at Wed, 07 Aug 2024 07:29:16 +0000. Up 53.44 seconds.
ci-info: no authorized SSH keys fingerprints found for user ubuntu.
<14>Aug  7 07:29:20 cloud-init: #############################################################
<14>Aug  7 07:29:20 cloud-init: -----BEGIN SSH HOST KEY FINGERPRINTS-----
<14>Aug  7 07:29:20 cloud-init: 1024 SHA256:QjEWtMeg2dlE1u95zDjVoFJcTKZ8vqw3Lhe7oZ3vP8c root@ubuntu-bionic (DSA)
<14>Aug  7 07:29:20 cloud-init: 256 SHA256:yaYlgwgpVkT6z90djN5mJqtybVBGQgtiXYcniCb0EfE root@ubuntu-bionic (ECDSA)
<14>Aug  7 07:29:20 cloud-init: 256 SHA256:MeUSxeWw/wxf4kyXRScso3qwVKxiz9h3AydiIdw/jps root@ubuntu-bionic (ED25519)
<14>Aug  7 07:29:21 cloud-init: 2048 SHA256:kmjpVtiawBWsKAGvIl3qh/E7OUWXgXL/fDY27nDVMQo root@ubuntu-bionic (RSA)
<14>Aug  7 07:29:21 cloud-init: -----END SSH HOST KEY FINGERPRINTS-----
<14>Aug  7 07:29:21 cloud-init: #############################################################
-----BEGIN SSH HOST KEY KEYS-----
ecdsa-sha2-nistp256 AAAAE2VjZHNhLXNoYTItbmlzdHAyNTYAAAAIbmlzdHAyNTYAAABBBFG9UWIycGiP1VE20X8v/rMoTXVN/bQVR8xK282eEum9mbK8aGchBb3n01/Vn0IHOuk/VLvYQXD8a6MMXWi1i98= root@ubuntu-bionic
ssh-ed25519 AAAAC3NzaC1lZDI1NTE5AAAAIFt6t0u0iHGx+mE9NBNoXdpZJRkk1xzTtJ+5o8Vnywsn root@ubuntu-bionic
ssh-rsa AAAAB3NzaC1yc2EAAAADAQABAAABAQC9EJpaDiLmXit2iQvfLzmPmrt83sVFIv/sSZue+9ACv+eJJBbQ2VXWrqKDq8Iisaal+ou058Gce0z6dcQ9HmngZN86CzoMeswWZN896XbpQj0uvR3H/UhhS/6Uh3mUJUC4KT1lquvNLC/ShoXN8gd22sItkPqjPqbb6qO1JDORQoeAvmGS9Owa3OuMKxrAgpSg43XglvNCMTYP8xFFHSFseI0CArUUGICeDXohAnAIVyVfvaBT+O05NzGZAhQZ2CJYXYE6T90ZBYB6qEZO6PeY4kX2ygkOzkbsbWouaGiQg6JDVqgRzvaQOdXGKfL8LVlgYPxz4JJLBHBz+HCTGTN9 root@ubuntu-bionic
-----END SSH HOST KEY KEYS-----
[   57.834961] cloud-init[1788]: Cloud-init v. 23.1.2-0ubuntu0~18.04.1 running 'modules:final' at Wed, 07 Aug 2024 07:29:20 +0000. Up 57.02 seconds.
[   57.949283] cloud-init[1788]: Cloud-init v. 23.1.2-0ubuntu0~18.04.1 finished at Wed, 07 Aug 2024 07:29:21 +0000. Datasource DataSourceNoCloud [seed=/dev/sdb][dsmode=net].  Up 57.79 seconds
